{"FieldA":"Field A","fieldB":"Field B","fieldC":"Field C"}