{"fieldZ":"Field Z","fieldJ":{},"fieldL":"0001-01-01T00:00:00Z","fieldM":"","ap1":"AP 1","ap2":"AP 2"}